// Jest Snapshot v1, https://goo.gl/fbAQLP

exports[`EmptyList Component renders correctly 1`] = `
<View
  style={
    [
      {
        "alignItems": "center",
        "flex": 1,
        "justifyContent": "center",
        "paddingHorizontal": 40,
      },
      {
        "backgroundColor": "#F5F5F5",
      },
    ]
  }
>
  <View
    style={
      {
        "alignItems": "center",
        "backgroundColor": "rgba(163, 73, 164, 0.18)",
        "borderRadius": 90,
        "height": 180,
        "justifyContent": "center",
        "width": 180,
      }
    }
  >
    <
      fill="#000000"
      height={80}
      width={80}
    />
  </View>
  <Text
    accessibilityRole="header"
    maxFontSizeMultiplier={2}
    style={
      [
        {
          "color": "#4A4A4A",
          "fontFamily": "SourceSans3-Regular",
          "fontSize": 26,
          "fontWeight": "bold",
        },
        [
          {
            "marginTop": 10,
            "textAlign": "center",
          },
          {
            "fontSize": 22,
            "fontWeight": "700",
            "marginTop": 28,
          },
        ],
      ]
    }
  >
    Credentials.EmptyList
  </Text>
  <Text
    maxFontSizeMultiplier={2}
    style={
      [
        {
          "color": "#4A4A4A",
          "fontFamily": "SourceSans3-Regular",
          "fontSize": 18,
          "fontWeight": "normal",
        },
        [
          {
            "marginTop": 10,
            "textAlign": "center",
          },
          {
            "color": "#666666",
            "fontSize": 16,
            "lineHeight": 22,
          },
        ],
      ]
    }
    testID="com.ariesbifold:id/NoCredentials"
  >
    Credentials.EmptyListDescription
  </Text>
  <View
    style={
      {
        "alignSelf": "center",
        "marginTop": 24,
        "width": "75%",
      }
    }
  >
    <View
      accessibilityLabel="Credentials.AddFirstCredential"
      accessibilityRole="button"
      accessibilityState={
        {
          "busy": undefined,
          "checked": undefined,
          "disabled": false,
          "expanded": undefined,
          "selected": undefined,
        }
      }
      accessibilityValue={
        {
          "max": undefined,
          "min": undefined,
          "now": undefined,
          "text": undefined,
        }
      }
      accessible={true}
      collapsable={false}
      focusable={true}
      onClick={[Function]}
      onResponderGrant={[Function]}
      onResponderMove={[Function]}
      onResponderRelease={[Function]}
      onResponderTerminate={[Function]}
      onResponderTerminationRequest={[Function]}
      onStartShouldSetResponder={[Function]}
      style={
        {
          "backgroundColor": "#622C62",
          "borderRadius": 10,
          "elevation": 4,
          "opacity": 1,
          "padding": 16,
          "paddingHorizontal": 16,
          "paddingVertical": 12,
          "shadowColor": "#000000",
          "shadowOffset": {
            "height": 4,
            "width": 0,
          },
          "shadowOpacity": 0.15,
          "shadowRadius": 4,
        }
      }
      testID="com.ariesbifold:id/AddFirstCredential"
    >
      <View
        style={
          {
            "alignItems": "center",
            "flexDirection": "row",
            "justifyContent": "center",
          }
        }
      >
        <Text
          maxFontSizeMultiplier={2}
          style={
            [
              {
                "color": "#4A4A4A",
                "fontFamily": "SourceSans3-Regular",
                "fontSize": 18,
                "fontWeight": "normal",
              },
              [
                {
                  "color": "#FFFFFF",
                  "fontFamily": "SourceSans3-Regular",
                  "fontSize": 18,
                  "fontWeight": "bold",
                  "lineHeight": 24,
                  "textAlign": "center",
                },
                false,
                false,
              ],
            ]
          }
        >
          Credentials.AddFirstCredential
        </Text>
      </View>
    </View>
  </View>
</View>
`;
